// Jest Snapshot v1, https://goo.gl/fbAQLP

exports[`FR-10 acceptance on correct-reference (BR-U2-19, D-U2-8) the IMPORTS projection matches the committed snapshot 1`] = `
[
  {
    "properties": {
      "importedNames": [
        "Task",
      ],
      "isTypeOnly": false,
      "line": 1,
      "lines": [
        1,
      ],
      "specifier": "../../domain/entities/Task",
      "specifiers": [
        "../../domain/entities/Task",
      ],
    },
    "source": "src/application/use-cases/CompleteTaskUseCase.ts",
    "target": "src/domain/entities/Task.ts",
  },
  {
    "properties": {
      "importedNames": [
        "ITaskRepository",
      ],
      "isTypeOnly": false,
      "line": 2,
      "lines": [
        2,
      ],
      "specifier": "../../domain/repositories/ITaskRepository",
      "specifiers": [
        "../../domain/repositories/ITaskRepository",
      ],
    },
    "source": "src/application/use-cases/CompleteTaskUseCase.ts",
    "target": "src/domain/repositories/ITaskRepository.ts",
  },
  {
    "properties": {
      "importedNames": [
        "Task",
      ],
      "isTypeOnly": false,
      "line": 1,
      "lines": [
        1,
      ],
      "specifier": "../../domain/entities/Task",
      "specifiers": [
        "../../domain/entities/Task",
      ],
    },
    "source": "src/application/use-cases/CreateTaskUseCase.ts",
    "target": "src/domain/entities/Task.ts",
  },
  {
    "properties": {
      "importedNames": [
        "ITaskRepository",
      ],
      "isTypeOnly": false,
      "line": 2,
      "lines": [
        2,
      ],
      "specifier": "../../domain/repositories/ITaskRepository",
      "specifiers": [
        "../../domain/repositories/ITaskRepository",
      ],
    },
    "source": "src/application/use-cases/CreateTaskUseCase.ts",
    "target": "src/domain/repositories/ITaskRepository.ts",
  },
  {
    "properties": {
      "importedNames": [
        "Task",
      ],
      "isTypeOnly": false,
      "line": 1,
      "lines": [
        1,
      ],
      "specifier": "../../domain/entities/Task",
      "specifiers": [
        "../../domain/entities/Task",
      ],
    },
    "source": "src/application/use-cases/ICompleteTaskUseCase.ts",
    "target": "src/domain/entities/Task.ts",
  },
  {
    "properties": {
      "importedNames": [
        "Task",
      ],
      "isTypeOnly": false,
      "line": 1,
      "lines": [
        1,
      ],
      "specifier": "../../domain/entities/Task",
      "specifiers": [
        "../../domain/entities/Task",
      ],
    },
    "source": "src/application/use-cases/ICreateTaskUseCase.ts",
    "target": "src/domain/entities/Task.ts",
  },
  {
    "properties": {
      "importedNames": [
        "Category",
      ],
      "isTypeOnly": false,
      "line": 1,
      "lines": [
        1,
      ],
      "specifier": "../entities/Category",
      "specifiers": [
        "../entities/Category",
      ],
    },
    "source": "src/domain/repositories/ICategoryRepository.ts",
    "target": "src/domain/entities/Category.ts",
  },
  {
    "properties": {
      "importedNames": [
        "Task",
      ],
      "isTypeOnly": false,
      "line": 1,
      "lines": [
        1,
      ],
      "specifier": "../entities/Task",
      "specifiers": [
        "../entities/Task",
      ],
    },
    "source": "src/domain/repositories/ITaskRepository.ts",
    "target": "src/domain/entities/Task.ts",
  },
  {
    "properties": {
      "importedNames": [
        "ICreateTaskUseCase",
      ],
      "isTypeOnly": false,
      "line": 1,
      "lines": [
        1,
      ],
      "specifier": "../../application/use-cases/ICreateTaskUseCase",
      "specifiers": [
        "../../application/use-cases/ICreateTaskUseCase",
      ],
    },
    "source": "src/infrastructure/controllers/TaskController.ts",
    "target": "src/application/use-cases/ICreateTaskUseCase.ts",
  },
  {
    "properties": {
      "importedNames": [
        "ICompleteTaskUseCase",
      ],
      "isTypeOnly": false,
      "line": 2,
      "lines": [
        2,
      ],
      "specifier": "../../application/use-cases/ICompleteTaskUseCase",
      "specifiers": [
        "../../application/use-cases/ICompleteTaskUseCase",
      ],
    },
    "source": "src/infrastructure/controllers/TaskController.ts",
    "target": "src/application/use-cases/ICompleteTaskUseCase.ts",
  },
  {
    "properties": {
      "importedNames": [
        "Task",
      ],
      "isTypeOnly": false,
      "line": 1,
      "lines": [
        1,
      ],
      "specifier": "../../domain/entities/Task",
      "specifiers": [
        "../../domain/entities/Task",
      ],
    },
    "source": "src/infrastructure/repositories/InMemoryTaskRepository.ts",
    "target": "src/domain/entities/Task.ts",
  },
  {
    "properties": {
      "importedNames": [
        "ITaskRepository",
      ],
      "isTypeOnly": false,
      "line": 2,
      "lines": [
        2,
      ],
      "specifier": "../../domain/repositories/ITaskRepository",
      "specifiers": [
        "../../domain/repositories/ITaskRepository",
      ],
    },
    "source": "src/infrastructure/repositories/InMemoryTaskRepository.ts",
    "target": "src/domain/repositories/ITaskRepository.ts",
  },
]
`;
